// Jest Snapshot v1, https://goo.gl/fbAQLP

exports[`<MobileApp /> component render 1`] = `
<div
  className="mobileApp"
>
  <div
    className="head"
  >
    <h1
      className="title"
    >
      2048
    </h1>
    <div>
      <div
        className="index"
      >
        <p
          className="score"
        >
          SCORE
          <em
            className="text"
          >
            0
          </em>
        </p>
        <p
          className="score best"
        >
          BEST
          <em
            className="text"
          >
            0
          </em>
        </p>
      </div>
      <div
        className="rowBtn"
      >
        <div
          className="btn"
        >
          <button
            className="btn-flat btn-md btn-default"
            onClick={[Function]}
          >
            <img
              alt="speaker"
              src="speaker-on.svg"
            />
          </button>
        </div>
        <div
          className="btn "
        >
          <button
            className="btn-flat btn-md btn-default"
            onClick={[Function]}
          >
            <img
              alt="undo"
              src="undo.svg"
            />
          </button>
        </div>
        <div
          className="btn last"
        >
          <button
            className="btn-flat btn-md btn-default"
            onClick={[Function]}
          >
            <img
              alt="reset"
              src="reset.svg"
            />
          </button>
        </div>
      </div>
    </div>
  </div>
  <div
    className="board"
    id="gameBoard"
  >
    <table
      className="board"
    >
      <tbody>
        <tr>
          <td>
            <div
              className="cell"
            >
              <div
                className="number"
              />
            </div>
          </td>
          <td>
            <div
              className="cell"
            >
              <div
                className="number"
              />
            </div>
          </td>
          <td>
            <div
              className="cell"
            >
              <div
                className="number"
              />
            </div>
          </td>
          <td>
            <div
              className="cell"
            >
              <div
                className="number"
              />
            </div>
          </td>
        </tr>
        <tr>
          <td>
            <div
              className="cell"
            >
              <div
                className="number"
              />
            </div>
          </td>
          <td>
            <div
              className="cell"
            >
              <div
                className="number"
              />
            </div>
          </td>
          <td>
            <div
              className="cell"
            >
              <div
                className="number"
              />
            </div>
          </td>
          <td>
            <div
              className="cell"
            >
              <div
                className="number"
              />
            </div>
          </td>
        </tr>
        <tr>
          <td>
            <div
              className="cell"
            >
              <div
                className="number"
              />
            </div>
          </td>
          <td>
            <div
              className="cell"
            >
              <div
                className="number"
              />
            </div>
          </td>
          <td>
            <div
              className="cell"
            >
              <div
                className="number"
              />
            </div>
          </td>
          <td>
            <div
              className="cell"
            >
              <div
                className="number"
              />
            </div>
          </td>
        </tr>
        <tr>
          <td>
            <div
              className="cell"
            >
              <div
                className="number"
              />
            </div>
          </td>
          <td>
            <div
              className="cell"
            >
              <div
                className="number"
              />
            </div>
          </td>
          <td>
            <div
              className="cell"
            >
              <div
                className="number"
              />
            </div>
          </td>
          <td>
            <div
              className="cell"
            >
              <div
                className="number"
              />
            </div>
          </td>
        </tr>
      </tbody>
    </table>
  </div>
  <div>
    <div
      className="hidden"
    >
      <div
        className="overlay"
      />
      <div
        className="modal center"
      >
        <div>
          <div
            className="gameover"
          >
            <div
              className="text"
            >
               
              SCORE
               
            </div>
            <div
              className="banner"
            >
              <p>
                0
              </p>
            </div>
          </div>
          <div
            className="buttonWrapper"
          >
            <button
              className="button"
              onClick={[Function]}
            >
              <img
                alt="reset"
                src="reset.svg"
              />
            </button>
          </div>
        </div>
      </div>
    </div>
  </div>
</div>
`;
