// Jest Snapshot v1, https://goo.gl/fbAQLP

exports[`<Tips /> component render 1`] = `
<div
  className="tips"
>
  <p
    className="title"
  >
    hello
  </p>
  <p
    className="content"
  >
    world
  </p>
</div>
`;
