// Jest Snapshot v1, https://goo.gl/fbAQLP

exports[`<Ranking /> component render 1`] = `
<div
  className="main"
>
  <div
    className="echarts"
    id="echarts"
  />
</div>
`;
