// Jest Snapshot v1, https://goo.gl/fbAQLP

exports[`<Layout /> component render 1`] = `
<div>
  <header
    className="header"
  >
    <nav>
      <ul
        className="row"
      >
        <li
          className="title"
        >
          <a
            aria-current="true"
            className="active"
            href="/"
            onClick={[Function]}
            style={Object {}}
          >
            Home
          </a>
        </li>
        <li
          className="link"
        >
          <a
            aria-current={false}
            className={undefined}
            href="/ranking"
            onClick={[Function]}
            style={undefined}
          >
            Ranking
          </a>
        </li>
        <li
          className="link"
        >
          <a
            aria-current={false}
            className={undefined}
            href="/comments"
            onClick={[Function]}
            style={undefined}
          >
            Comments
          </a>
        </li>
        <li
          className="spacer"
        />
        <li>
          <a
            href="https://github.com/devrsi0n/React-2048-game"
            rel="noopener noreferrer"
            target="_blank"
          >
            <img
              alt="github repo"
              className="icon"
              src="github-white.png"
            />
          </a>
        </li>
      </ul>
    </nav>
  </header>
  <main>
    <div>
      <div
        className="app"
      >
        <div
          className="box"
        >
          <div
            className="board"
          >
            <h1
              className="title"
            >
              2048
            </h1>
            <table
              className="board"
            >
              <tbody>
                <tr>
                  <td>
                    <div
                      className="cell"
                    >
                      <div
                        className="number"
                      />
                    </div>
                  </td>
                  <td>
                    <div
                      className="cell"
                    >
                      <div
                        className="number"
                      />
                    </div>
                  </td>
                  <td>
                    <div
                      className="cell"
                    >
                      <div
                        className="number"
                      />
                    </div>
                  </td>
                  <td>
                    <div
                      className="cell"
                    >
                      <div
                        className="number"
                      />
                    </div>
                  </td>
                </tr>
                <tr>
                  <td>
                    <div
                      className="cell"
                    >
                      <div
                        className="number"
                      />
                    </div>
                  </td>
                  <td>
                    <div
                      className="cell"
                    >
                      <div
                        className="number"
                      />
                    </div>
                  </td>
                  <td>
                    <div
                      className="cell"
                    >
                      <div
                        className="number"
                      />
                    </div>
                  </td>
                  <td>
                    <div
                      className="cell color-4"
                    >
                      <div
                        className="number"
                      >
                        4
                      </div>
                    </div>
                  </td>
                </tr>
                <tr>
                  <td>
                    <div
                      className="cell color-4"
                    >
                      <div
                        className="number"
                      >
                        4
                      </div>
                    </div>
                  </td>
                  <td>
                    <div
                      className="cell"
                    >
                      <div
                        className="number"
                      />
                    </div>
                  </td>
                  <td>
                    <div
                      className="cell"
                    >
                      <div
                        className="number"
                      />
                    </div>
                  </td>
                  <td>
                    <div
                      className="cell"
                    >
                      <div
                        className="number"
                      />
                    </div>
                  </td>
                </tr>
                <tr>
                  <td>
                    <div
                      className="cell"
                    >
                      <div
                        className="number"
                      />
                    </div>
                  </td>
                  <td>
                    <div
                      className="cell"
                    >
                      <div
                        className="number"
                      />
                    </div>
                  </td>
                  <td>
                    <div
                      className="cell"
                    >
                      <div
                        className="number"
                      />
                    </div>
                  </td>
                  <td>
                    <div
                      className="cell"
                    >
                      <div
                        className="number"
                      />
                    </div>
                  </td>
                </tr>
              </tbody>
            </table>
          </div>
          <div
            className="panel"
          >
            <div>
              <div
                className="index"
              >
                <p
                  className="score"
                >
                  SCORE
                  <em
                    className="text"
                  >
                    0
                  </em>
                </p>
                <p
                  className="score best"
                >
                  BEST
                  <em
                    className="text"
                  >
                    0
                  </em>
                </p>
              </div>
            </div>
            <div
              className="panel"
            >
              <div
                className="rowBtn"
              >
                <div
                  className="btn"
                >
                  <button
                    className="btn-flat btn-md btn-default"
                    onClick={[Function]}
                  >
                    <img
                      alt="speaker"
                      src="speaker-on.svg"
                    />
                  </button>
                </div>
                <div
                  className="btn "
                >
                  <button
                    className="btn-flat btn-md btn-default"
                    onClick={[Function]}
                  >
                    <img
                      alt="undo"
                      src="undo.svg"
                    />
                  </button>
                </div>
                <div
                  className="btn "
                >
                  <button
                    className="btn-flat btn-md btn-default"
                    onClick={[Function]}
                  >
                    <img
                      alt="reset"
                      src="reset.svg"
                    />
                  </button>
                </div>
              </div>
              <div
                className="btn "
              >
                <button
                  className="btn-flat btn-md btn-primary"
                  onClick={[Function]}
                >
                  <img
                    alt="arrow up"
                    className="up"
                    src="arrow.svg"
                  />
                </button>
              </div>
              <div
                className="arrows"
              >
                <div
                  className="btn "
                >
                  <button
                    className="btn-flat btn-md btn-primary"
                    onClick={[Function]}
                  >
                    <img
                      alt="arrow left"
                      className="left"
                      src="arrow.svg"
                    />
                  </button>
                </div>
                <div
                  className="btn "
                >
                  <button
                    className="btn-flat btn-md btn-primary"
                    onClick={[Function]}
                  >
                    <img
                      alt="arrow down"
                      className="down"
                      src="arrow.svg"
                    />
                  </button>
                </div>
                <div
                  className="btn "
                >
                  <button
                    className="btn-flat btn-md btn-primary"
                    onClick={[Function]}
                  >
                    <img
                      alt="arrow right"
                      className="right"
                      src="arrow.svg"
                    />
                  </button>
                </div>
              </div>
            </div>
          </div>
        </div>
        <div
          className="tips"
        >
          <p
            className="title"
          >
            Tips
          </p>
          <p
            className="content"
          >
            Use keyboard arrow keys (or \`WASD\` if you like) control blocks;Click undo button to revert to last step status if you regrets。You score will upload to ranking list after you login at \`Comments\` panel
          </p>
        </div>
        <div>
          <div
            className="hidden"
          >
            <div
              className="overlay"
            />
            <div
              className="modal center"
            >
              <div>
                <div
                  className="gameover"
                >
                  <div
                    className="text"
                  >
                     
                    SCORE
                     
                  </div>
                  <div
                    className="banner"
                  >
                    <p>
                      0
                    </p>
                  </div>
                </div>
                <div
                  className="buttonWrapper"
                >
                  <button
                    className="button"
                    onClick={[Function]}
                  >
                    <img
                      alt="reset"
                      src="reset.svg"
                    />
                  </button>
                </div>
              </div>
            </div>
          </div>
        </div>
      </div>
    </div>
  </main>
  <footer
    style={
      Object {
        "margin": "auto",
        "width": "90vw",
      }
    }
  >
    <div
      className="footer"
    >
      <div
        className="container"
      >
        <div>
          <a
            className="icon"
            href="https://github.com/devrsi0n/React-2048-game"
          >
            <img
              alt="github repo"
              className="github"
              src="github.png"
            />
          </a>
        </div>
        Build with
        <span
          className="heart"
        >
          ♥
        </span>
        by
        <a
          className="link"
          href="https://github.com/devrsi0n"
        >
          devrsi0n
        </a>
      </div>
    </div>
  </footer>
</div>
`;
