// Jest Snapshot v1, https://goo.gl/fbAQLP

exports[`<Footer /> component render 1`] = `
<div
  className="footer"
>
  <div
    className="container"
  >
    <div>
      <a
        className="icon"
        href="http://test.com"
      >
        <img
          alt="github repo"
          className="github"
          src="github.png"
        />
      </a>
    </div>
    Build with
    <span
      className="heart"
    >
      â™¥
    </span>
    by
    <a
      className="link"
      href="http://profile.test"
    >
      test
    </a>
  </div>
</div>
`;
